{
  "seq": 0,
  "type": "response",
  "command": "compilerOptionsForInferredProjects",
  "request_seq": 1,
  "success": true,
  "body": true
}
