{
  "seq": 0,
  "type": "response",
  "command": "completionInfo",
  "request_seq": 5,
  "success": true,
  "body": {
    "isGlobalCompletion": false,
    "isMemberCompletion": false,
    "isNewIdentifierLocation": false,
    "entries": [
      {
        "name": "anchor",
        "kind": "method",
        "sortText": "anchor",
        "insertText": "anchor()"
      },
      {
        "name": "big",
        "kind": "method",
        "sortText": "big",
        "insertText": "big()"
      },
      {
        "name": "blink",
        "kind": "method",
        "sortText": "blink",
        "insertText": "blink()"
      },
      {
        "name": "bold",
        "kind": "method",
        "sortText": "bold",
        "insertText": "bold()"
      },
      {
        "name": "charAt",
        "kind": "method",
        "sortText": "charAt",
        "insertText": "charAt()"
      },
      {
        "name": "charCodeAt",
        "kind": "method",
        "sortText": "charCodeAt",
        "insertText": "charCodeAt()"
      },
      {
        "name": "codePointAt",
        "kind": "method",
        "sortText": "codePointAt",
        "insertText": "codePointAt()"
      },
      {
        "name": "concat",
        "kind": "method",
        "sortText": "concat",
        "insertText": "concat()"
      },
      {
        "name": "endsWith",
        "kind": "method",
        "sortText": "endsWith",
        "insertText": "endsWith()"
      },
      {
        "name": "fixed",
        "kind": "method",
        "sortText": "fixed",
        "insertText": "fixed()"
      },
      {
        "name": "fontcolor",
        "kind": "method",
        "sortText": "fontcolor",
        "insertText": "fontcolor()"
      },
      {
        "name": "fontsize",
        "kind": "method",
        "sortText": "fontsize",
        "insertText": "fontsize()"
      },
      {
        "name": "includes",
        "kind": "method",
        "sortText": "includes",
        "insertText": "includes()"
      },
      {
        "name": "indexOf",
        "kind": "method",
        "sortText": "indexOf",
        "insertText": "indexOf()"
      },
      {
        "name": "italics",
        "kind": "method",
        "sortText": "italics",
        "insertText": "italics()"
      },
      {
        "name": "lastIndexOf",
        "kind": "method",
        "sortText": "lastIndexOf",
        "insertText": "lastIndexOf()"
      },
      {
        "name": "length",
        "kind": "property",
        "sortText": "length",
        "insertText": "length"
      },
      {
        "name": "link",
        "kind": "method",
        "sortText": "link",
        "insertText": "link()"
      },
      {
        "name": "localeCompare",
        "kind": "method",
        "sortText": "localeCompare",
        "insertText": "localeCompare()"
      },
      {
        "name": "match",
        "kind": "method",
        "sortText": "match",
        "insertText": "match()"
      },
      {
        "name": "normalize",
        "kind": "method",
        "sortText": "normalize",
        "insertText": "normalize()"
      },
      {
        "name": "padEnd",
        "kind": "method",
        "sortText": "padEnd",
        "insertText": "padEnd()"
      },
      {
        "name": "padStart",
        "kind": "method",
        "sortText": "padStart",
        "insertText": "padStart()"
      },
      {
        "name": "repeat",
        "kind": "method",
        "sortText": "repeat",
        "insertText": "repeat()"
      },
      {
        "name": "replace",
        "kind": "method",
        "sortText": "replace",
        "insertText": "replace()"
      },
      {
        "name": "search",
        "kind": "method",
        "sortText": "search",
        "insertText": "search()"
      },
      {
        "name": "slice",
        "kind": "method",
        "sortText": "slice",
        "insertText": "slice()"
      },
      {
        "name": "small",
        "kind": "method",
        "sortText": "small",
        "insertText": "small()"
      },
      {
        "name": "split",
        "kind": "method",
        "sortText": "split",
        "insertText": "split()"
      },
      {
        "name": "startsWith",
        "kind": "method",
        "sortText": "startsWith",
        "insertText": "startsWith()"
      },
      {
        "name": "strike",
        "kind": "method",
        "sortText": "strike",
        "insertText": "strike()"
      },
      {
        "name": "sub",
        "kind": "method",
        "sortText": "sub",
        "insertText": "sub()"
      },
      {
        "name": "substr",
        "kind": "method",
        "sortText": "substr",
        "insertText": "substr()"
      },
      {
        "name": "substring",
        "kind": "method",
        "sortText": "substring",
        "insertText": "substring()"
      },
      {
        "name": "sup",
        "kind": "method",
        "sortText": "sup",
        "insertText": "sup()"
      },
      {
        "name": "toLocaleLowerCase",
        "kind": "method",
        "sortText": "toLocaleLowerCase",
        "insertText": "toLocaleLowerCase()"
      },
      {
        "name": "toLocaleUpperCase",
        "kind": "method",
        "sortText": "toLocaleUpperCase",
        "insertText": "toLocaleUpperCase()"
      },
      {
        "name": "toLowerCase",
        "kind": "method",
        "sortText": "toLowerCase",
        "insertText": "toLowerCase()"
      },
      {
        "name": "toString",
        "kind": "method",
        "sortText": "toString",
        "insertText": "toString()"
      },
      {
        "name": "toUpperCase",
        "kind": "method",
        "sortText": "toUpperCase",
        "insertText": "toUpperCase()"
      },
      {
        "name": "trim",
        "kind": "method",
        "sortText": "trim",
        "insertText": "trim()"
      },
      {
        "name": "trimLeft",
        "kind": "method",
        "sortText": "trimLeft",
        "insertText": "trimLeft()"
      },
      {
        "name": "trimRight",
        "kind": "method",
        "sortText": "trimRight",
        "insertText": "trimRight()"
      },
      {
        "name": "valueOf",
        "kind": "method",
        "sortText": "valueOf",
        "insertText": "valueOf()"
      }
    ]
  }
}