{
  "seq": 0,
  "type": "response",
  "command": "configure",
  "request_seq": 0,
  "success": true
}
