{
  "seq": 0,
  "type": "response",
  "command": "definitionAndBoundSpan",
  "request_seq": 2,
  "success": true,
  "body": {
    "definitions": [
      {
        "file": "${PWD}/project/app/widget.component.html",
        "start": {
          "line": 1,
          "offset": 1
        },
        "end": {
          "line": 1,
          "offset": 1
        }
      }
    ],
    "textSpan": {
      "start": {
        "line": 5,
        "offset": 17
      },
      "end": {
        "line": 5,
        "offset": 40
      }
    }
  }
}
